[arithmetic-expr_sub] in asserts.cairo:7:71
[arithmetic-expr_sub] in asserts.cairo:8:71