[arithmetic-expr_add] in callbacks.cairo:8:18
[arithmetic-expr_sub] in callbacks.cairo:8:18
[unused-arguments] in callbacks.cairo:1:49