[dead-store] in dead_store.cairo:17:5
[dead-store] in dead_store.cairo:3:11