[arithmetic-expr_sub] in validate_limit_order.cairo:57:14
[arithmetic-expr_add] in validate_limit_order.cairo:72:50
[arithmetic-expr_mul] in validate_limit_order.cairo:57:13
[arithmetic-expr_mul] in validate_limit_order.cairo:57:45
[arithmetic-expr_mul] in validate_limit_order.cairo:37:9
[arithmetic-expr_mul] in validate_limit_order.cairo:37:41
[arithmetic-expr_mul] in validate_limit_order.cairo:72:9
[arithmetic-expr_mul] in validate_limit_order.cairo:72:35
[arithmetic-expr_add] in validate_limit_order.cairo:117:25
[unused-arguments] in validate_limit_order.cairo:78:25
[unused-arguments] in validate_limit_order.cairo:93:9
[unused-imports] in validate_limit_order.cairo:4:63
[unused-imports] in validate_limit_order.cairo:3:66
[unused-imports] in validate_limit_order.cairo:3:84